// Jest Snapshot v1, https://goo.gl/fbAQLP

exports[`Hotels page rendering check hotels page rendering 1`] = `
<h1>
  Hotel List
</h1>
`;

exports[`Hotels page rendering hotel list has Highcrest hotel 1`] = `
<h2
  class="card_title"
>
  <i
    aria-hidden="true"
    class="fa fa-building green_color"
  />
    
  Highcrest
</h2>
`;

exports[`Hotels page rendering hotel list page has search box 1`] = `
<input
  class="form_feild"
  placeholder="Search..."
  type="text"
/>
`;
